// Jest Snapshot v1, https://goo.gl/fbAQLP

exports[`DDD demo Snapshot 1`] = `
Array [
  Object {
    "apiVersion": "v1",
    "kind": "Service",
    "metadata": Object {
      "name": "test-chart-service-c8a895ee",
    },
    "spec": Object {
      "ports": Array [
        Object {
          "port": 80,
          "targetPort": 8080,
        },
      ],
      "selector": Object {
        "app": "ddd-demo-cdk8s",
      },
      "type": "NodePort",
    },
  },
  Object {
    "apiVersion": "networking.k8s.io/v1",
    "kind": "Ingress",
    "metadata": Object {
      "annotations": Object {
        "alb.ingress.kubernetes.io/scheme": "internet-facing",
        "alb.ingress.kubernetes.io/target-type": "ip",
        "kubernetes.io/ingress.class": "alb",
      },
      "name": "test-chart-ingress-c82f94dc",
    },
    "spec": Object {
      "rules": Array [
        Object {
          "http": Object {
            "paths": Array [
              Object {
                "backend": Object {
                  "service": Object {
                    "name": "test-chart-service-c8a895ee",
                    "port": Object {
                      "number": 80,
                    },
                  },
                },
                "path": "/",
                "pathType": "Prefix",
              },
            ],
          },
        },
      ],
    },
  },
  Object {
    "apiVersion": "apps/v1",
    "kind": "Deployment",
    "metadata": Object {
      "name": "test-chart-deployment-c8d4e901",
    },
    "spec": Object {
      "replicas": 2,
      "selector": Object {
        "matchLabels": Object {
          "app": "ddd-demo-cdk8s",
        },
      },
      "template": Object {
        "metadata": Object {
          "labels": Object {
            "app": "ddd-demo-cdk8s",
          },
        },
        "spec": Object {
          "containers": Array [
            Object {
              "env": Array [
                Object {
                  "name": "MESSAGE",
                  "value": "Hello DDD!",
                },
              ],
              "image": "paulbouwer/hello-kubernetes:1.9",
              "name": "hello-kubernetes",
              "ports": Array [
                Object {
                  "containerPort": 8080,
                },
              ],
            },
          ],
        },
      },
    },
  },
]
`;
